Port: 0 Host: hundsdorfer
Host: hundsdorfer
Server Mode: 1
Server is running on port 0
jobs are created successfully with 5 
Spawning worker actor 0 on server
Number of remaining jobs are: 4
Worker actor is spawned successfully!
# Parameters in VAE:  1116560
Training VAE (latent_dim=64, β=0.1) on cuda...

Epoch 01 | ELBO 5.76e+01  Recon 5.71e+01  KL 5.36e+00
          Val | ELBO 4.67e+01  Recon 4.58e+01  KL 9.05e+00  SSIM 0.42  PSNR 12.34 dB
Epoch 02 | ELBO 4.03e+01  Recon 3.85e+01  KL 1.71e+01
          Val | ELBO 3.33e+01  Recon 3.07e+01  KL 2.58e+01  SSIM 0.63  PSNR 14.08 dB
Epoch 03 | ELBO 2.98e+01  Recon 2.69e+01  KL 2.91e+01
          Val | ELBO 2.68e+01  Recon 2.36e+01  KL 3.21e+01  SSIM 0.71  PSNR 15.21 dB
Epoch 04 | ELBO 2.50e+01  Recon 2.19e+01  KL 3.17e+01
          Val | ELBO 2.31e+01  Recon 1.99e+01  KL 3.26e+01  SSIM 0.75  PSNR 15.97 dB
Epoch 05 | ELBO 2.18e+01  Recon 1.85e+01  KL 3.31e+01
          Val | ELBO 2.03e+01  Recon 1.69e+01  KL 3.36e+01  SSIM 0.79  PSNR 16.66 dB
Epoch 06 | ELBO 1.95e+01  Recon 1.61e+01  KL 3.41e+01
          Val | ELBO 1.90e+01  Recon 1.54e+01  KL 3.55e+01  SSIM 0.82  PSNR 17.07 dB
Epoch 07 | ELBO 1.79e+01  Recon 1.45e+01  KL 3.47e+01
          Val | ELBO 1.70e+01  Recon 1.34e+01  KL 3.55e+01  SSIM 0.83  PSNR 17.67 dB
Epoch 08 | ELBO 1.67e+01  Recon 1.32e+01  KL 3.48e+01
          Val | ELBO 1.60e+01  Recon 1.24e+01  KL 3.55e+01  SSIM 0.85  PSNR 18.01 dB
Epoch 09 | ELBO 1.58e+01  Recon 1.23e+01  KL 3.49e+01
          Val | ELBO 1.53e+01  Recon 1.18e+01  KL 3.48e+01  SSIM 0.85  PSNR 18.22 dB
Epoch 10 | ELBO 1.50e+01  Recon 1.15e+01  KL 3.49e+01
          Val | ELBO 1.45e+01  Recon 1.11e+01  KL 3.43e+01  SSIM 0.86  PSNR 18.50 dB
Epoch 11 | ELBO 1.44e+01  Recon 1.09e+01  KL 3.51e+01
          Val | ELBO 1.40e+01  Recon 1.05e+01  KL 3.51e+01  SSIM 0.87  PSNR 18.74 dB
Epoch 12 | ELBO 1.39e+01  Recon 1.03e+01  KL 3.53e+01
          Val | ELBO 1.37e+01  Recon 1.02e+01  KL 3.54e+01  SSIM 0.88  PSNR 18.87 dB
Epoch 13 | ELBO 1.34e+01  Recon 9.82e+00  KL 3.56e+01
          Val | ELBO 1.32e+01  Recon 9.61e+00  KL 3.59e+01  SSIM 0.89  PSNR 19.13 dB
Epoch 14 | ELBO 1.30e+01  Recon 9.42e+00  KL 3.58e+01
          Val | ELBO 1.28e+01  Recon 9.21e+00  KL 3.55e+01  SSIM 0.89  PSNR 19.31 dB
Epoch 15 | ELBO 1.27e+01  Recon 9.07e+00  KL 3.59e+01
          Val | ELBO 1.27e+01  Recon 9.05e+00  KL 3.64e+01  SSIM 0.89  PSNR 19.39 dB
Epoch 16 | ELBO 1.24e+01  Recon 8.82e+00  KL 3.62e+01
          Val | ELBO 1.23e+01  Recon 8.68e+00  KL 3.63e+01  SSIM 0.90  PSNR 19.57 dB
